// Jest Snapshot v1, https://goo.gl/fbAQLP

exports[`ReviewCard component ReviewCard matches snapshot 1`] = `[Function]`;
